// Jest Snapshot v1, https://goo.gl/fbAQLP

exports[`Alert Component should render without exploding 1`] = `
<div
  class="tecma-alert default"
  data-testid="tecma-alert"
>
  <div
    class="alert-container"
  >
    <div
      class="alert-header"
    >
      <h4
        class="alert-title"
      />
    </div>
    <div
      class="alert-content vertical"
    />
  </div>
</div>
`;
