// Jest Snapshot v1, https://goo.gl/fbAQLP

exports[`Card Component CardContent component should render without exploding 1`] = `
<div
  class="tecma-card-content"
  data-testid="tecma-card-content"
/>
`;

exports[`Card Component CardFooter component should render without exploding 1`] = `
<footer
  class="tecma-card-footer"
  data-testid="tecma-card-footer"
/>
`;

exports[`Card Component CardHeader component should render without exploding 1`] = `
<div
  class="tecma-card-header"
  data-testid="tecma-card-header"
/>
`;

exports[`Card Component CardMedia component should render without exploding 1`] = `
<div
  class="tecma-card-media"
  data-testid="tecma-card-media"
/>
`;

exports[`Card Component should render without exploding 1`] = `
<div
  aria-hidden="true"
  class="tecma-card vertical"
  data-testid="tecma-card"
/>
`;
